============================= test session starts =============================
platform win32 -- Python 3.14.0, pytest-7.4.4, pluggy-1.6.0
rootdir: C:\Users\LOQ\PycharmProjects\kalkulator-ai
configfile: pyproject.toml
plugins: hypothesis-6.148.7, cov-4.1.0, xdist-3.5.0
collected 16 items

tests\test_parser.py ................                                    [100%]

---------- coverage: platform win32, python 3.14.0-final-0 -----------
Name                                         Stmts   Miss  Cover   Missing
--------------------------------------------------------------------------
kalkulator_pkg\__init__.py                       3      0   100%
kalkulator_pkg\__main__.py                       3      3     0%   13-17
kalkulator_pkg\abpn.py                           0      0   100%
kalkulator_pkg\api.py                           64     64     0%   3-273
kalkulator_pkg\cache_manager.py                194    144    26%   20-21, 32-33, 53, 65-67, 75, 77, 85-88, 101-132, 165-175, 188-193, 208-225, 240-252, 270-276, 290-297, 307, 313, 319-320, 326-331, 343-353, 366-399, 412-448
kalkulator_pkg\calculus.py                      83     83     0%   3-142
kalkulator_pkg\cli.py                         3244   3244     0%   1-6546
kalkulator_pkg\config.py                        45      2    96%   32-34
kalkulator_pkg\function_finder_advanced.py     453    453     0%   11-973
kalkulator_pkg\function_manager.py            2199   2161     2%   65-219, 234-269, 279, 290, 300-310, 325-359, 375-407, 426-481, 493-557, 579-602, 617-628, 645-688, 705-766, 794-1083, 1099-1243, 1250-1270, 1306-4594, 4626-4726, 4740-4754, 4763-4766, 4778-4797, 4827-4878, 4889-4922, 4927-4952
kalkulator_pkg\logging_config.py                33     23    30%   13-14, 29-46, 77-89
kalkulator_pkg\parser.py                       614    426    31%   87-89, 102-104, 118-120, 135, 199, 203, 210, 218-249, 257-297, 315-365, 378-380, 431-442, 445-505, 513, 521, 526, 542-551, 553-554, 581-582, 589, 642-647, 659-687, 697-710, 719-725, 760-785, 789-792, 796-804, 813-818, 841, 851-1026, 1031-1082, 1110-1125, 1149, 1151, 1191-1343
kalkulator_pkg\plotting.py                     151    151     0%   3-295
kalkulator_pkg\regression_solver.py            272    272     0%   1-431
kalkulator_pkg\solver.py                      1103   1103     0%   22-2075
kalkulator_pkg\types.py                         82     40    51%   21-30, 65-78, 110-115, 136, 143-145, 148, 157-160, 163
kalkulator_pkg\worker.py                       798    798     0%   1-1492
--------------------------------------------------------------------------
TOTAL                                         9341   8967     4%
Coverage HTML written to dir htmlcov
Coverage XML written to file coverage.xml

FAIL Required test coverage of 85% not reached. Total coverage: 4.00%

============================= 16 passed in 3.91s ==============================
